ARM Linker, 5.03 [Build 76] [MDK-ARM Standard]

==============================================================================

Section Cross References

    main.o(.text) refers to os_sem.o(.text) for OSSemCreate
    main.o(.text) refers to os_mbox.o(.text) for OSMboxCreate
    main.o(.text) refers to os_q.o(.text) for OSQCreate
    main.o(.text) refers to os_tmr.o(.text) for OSTmrCreate
    main.o(.text) refers to os_cpu_a.o(.text) for OS_CPU_SR_Save
    main.o(.text) refers to os_task.o(.text) for OSTaskCreate
    main.o(.text) refers to delay.o(.text) for delay_init
    main.o(.text) refers to sys.o(.text) for NVIC_Configuration
    main.o(.text) refers to led.o(.text) for TM1652_Init
    main.o(.text) refers to encode.o(.text) for Encode_Init
    main.o(.text) refers to usart.o(.text) for USART1_Config
    main.o(.text) refers to config.o(.text) for Time1_Config
    main.o(.text) refers to key.o(.text) for Key_Init
    main.o(.text) refers to flashwr.o(.text) for ReadFlash_param
    main.o(.text) refers to os_core.o(.text) for OSInit
    main.o(.text) refers to main.o(.data) for uart
    main.o(.text) refers to main.o(.bss) for MsgGrp
    main.o(.text) refers to detecting.o(.text) for paramSet_task
    system_stm32f10x.o(.text) refers to system_stm32f10x.o(.data) for SystemCoreClock
    led.o(.text) refers to stm32f10x_usart.o(.text) for USART_SendData
    led.o(.text) refers to stm32f10x_gpio.o(.text) for GPIO_SetBits
    led.o(.text) refers to stm32f10x_rcc.o(.text) for RCC_APB2PeriphClockCmd
    led.o(.text) refers to delay.o(.text) for delay_ms
    led.o(.text) refers to main.o(.data) for State
    led.o(.text) refers to encode.o(.text) for DisableEncode
    led.o(.text) refers to main.o(.bss) for netparam
    led.o(.text) refers to config.o(.data) for Nixie
    encode.o(.text) refers to stm32f10x_gpio.o(.text) for GPIO_StructInit
    encode.o(.text) refers to stm32f10x_tim.o(.text) for TIM_TimeBaseInit
    encode.o(.text) refers to misc.o(.text) for NVIC_Init
    encode.o(.text) refers to stm32f10x_rcc.o(.text) for RCC_APB1PeriphClockCmd
    encode.o(.text) refers to main.o(.data) for SilentTime
    encode.o(.text) refers to config.o(.data) for Nixie
    key.o(.text) refers to stm32f10x_rcc.o(.text) for RCC_APB2PeriphClockCmd
    key.o(.text) refers to stm32f10x_gpio.o(.text) for GPIO_Init
    key.o(.text) refers to os_time.o(.text) for OSTimeDlyHMSM
    key.o(.text) refers to updataparam.o(.text) for paramUpdata
    key.o(.text) refers to usart.o(.text) for WriteParam
    key.o(.text) refers to config.o(.text) for OffSetWrite
    key.o(.text) refers to key.o(.data) for keyStatus
    key.o(.text) refers to main.o(.data) for Usart_flag
    key.o(.text) refers to main.o(.bss) for netparam
    usart.o(.text) refers to stm32f10x_usart.o(.text) for USART_Init
    usart.o(.text) refers to stm32f10x_rcc.o(.text) for RCC_APB2PeriphClockCmd
    usart.o(.text) refers to stm32f10x_gpio.o(.text) for GPIO_Init
    usart.o(.text) refers to misc.o(.text) for NVIC_PriorityGroupConfig
    usart.o(.text) refers to stm32f10x_dma.o(.text) for DMA_DeInit
    usart.o(.text) refers to updataparam.o(.text) for paramUpdata
    usart.o(.text) refers to config.o(.text) for OffSetInit
    usart.o(.text) refers to detecting.o(.text) for NetDetecting
    usart.o(.text) refers to os_mbox.o(.text) for OSMboxPost
    usart.o(.text) refers to encode.o(.text) for DisableEncode
    usart.o(.text) refers to flashwr.o(.text) for WriteFlash_param
    usart.o(.text) refers to os_sem.o(.text) for OSSemPost
    usart.o(.text) refers to delay.o(.text) for delay_ms
    usart.o(.text) refers to os_q.o(.text) for OSQPend
    usart.o(.text) refers to usart.o(.bss) for rx1buf
    usart.o(.text) refers to main.o(.data) for netState
    usart.o(.text) refers to main.o(.bss) for netparam
    usart.o(.text) refers to config.o(.data) for Nixie
    usart.o(.text) refers to usart.o(.data) for err
    usart.o(.text) refers to updataparam.o(.data) for x
    usart.o(.text) refers to os_time.o(.text) for OSTimeDlyHMSM
    config.o(.text) refers to stm32f10x_rcc.o(.text) for RCC_APB2PeriphClockCmd
    config.o(.text) refers to stm32f10x_tim.o(.text) for TIM_TimeBaseInit
    config.o(.text) refers to misc.o(.text) for NVIC_Init
    config.o(.text) refers to os_q.o(.text) for OSQPost
    config.o(.text) refers to updataparam.o(.text) for paramClct
    config.o(.text) refers to stm32f10x_gpio.o(.text) for GPIO_SetBits
    config.o(.text) refers to main.o(.data) for netState
    config.o(.text) refers to config.o(.data) for Nixie
    config.o(.text) refers to usart.o(.bss) for tx1buf
    config.o(.text) refers to main.o(.bss) for netparam
    config.o(.text) refers to config.o(.bss) for netbuf
    config.o(.text) refers to os_time.o(.text) for OSTimeDlyHMSM
    config.o(.text) refers to os_mbox.o(.text) for OSMboxPend
    config.o(.text) refers to encode.o(.text) for DisableEncode
    config.o(.text) refers to led.o(.text) for AllLedOff
[...]
    .ARM.Collect$$libinit$$0000002E          0x080001e6   Section        0  libinit2.o(.ARM.Collect$$libinit$$0000002E)
    .ARM.Collect$$libinit$$00000030          0x080001e6   Section        0  libinit2.o(.ARM.Collect$$libinit$$00000030)
    .ARM.Collect$$libinit$$00000031          0x080001e6   Section        2  libinit2.o(.ARM.Collect$$libinit$$00000031)
    .ARM.Collect$$libshutdown$$00000000      0x080001e8   Section        2  libshutdown.o(.ARM.Collect$$libshutdown$$00000000)
    .ARM.Collect$$libshutdown$$00000003      0x080001ea   Section        0  libshutdown2.o(.ARM.Collect$$libshutdown$$00000003)
    .ARM.Collect$$libshutdown$$00000006      0x080001ea   Section        0  libshutdown2.o(.ARM.Collect$$libshutdown$$00000006)
    .ARM.Collect$$libshutdown$$00000009      0x080001ea   Section        0  libshutdown2.o(.ARM.Collect$$libshutdown$$00000009)
    .ARM.Collect$$libshutdown$$0000000B      0x080001ea   Section        0  libshutdown2.o(.ARM.Collect$$libshutdown$$0000000B)
    .ARM.Collect$$libshutdown$$0000000E      0x080001ea   Section        0  libshutdown2.o(.ARM.Collect$$libshutdown$$0000000E)
    .ARM.Collect$$libshutdown$$0000000F      0x080001ea   Section        2  libshutdown2.o(.ARM.Collect$$libshutdown$$0000000F)
    .ARM.Collect$$rtentry$$00000000          0x080001ec   Section        0  rtentry.o(.ARM.Collect$$rtentry$$00000000)
    .ARM.Collect$$rtentry$$00000002          0x080001ec   Section        0  rtentry2.o(.ARM.Collect$$rtentry$$00000002)
    .ARM.Collect$$rtentry$$00000004          0x080001ec   Section        6  rtentry4.o(.ARM.Collect$$rtentry$$00000004)
    .ARM.Collect$$rtentry$$00000009          0x080001f2   Section        0  rtentry2.o(.ARM.Collect$$rtentry$$00000009)
    .ARM.Collect$$rtentry$$0000000A          0x080001f2   Section        4  rtentry2.o(.ARM.Collect$$rtentry$$0000000A)
    .ARM.Collect$$rtentry$$0000000C          0x080001f6   Section        0  rtentry2.o(.ARM.Collect$$rtentry$$0000000C)
    .ARM.Collect$$rtentry$$0000000D          0x080001f6   Section        8  rtentry2.o(.ARM.Collect$$rtentry$$0000000D)
    .ARM.Collect$$rtexit$$00000000           0x080001fe   Section        2  rtexit.o(.ARM.Collect$$rtexit$$00000000)
    .ARM.Collect$$rtexit$$00000002           0x08000200   Section        0  rtexit2.o(.ARM.Collect$$rtexit$$00000002)
    .ARM.Collect$$rtexit$$00000003           0x08000200   Section        4  rtexit2.o(.ARM.Collect$$rtexit$$00000003)
    .ARM.Collect$$rtexit$$00000004           0x08000204   Section        6  rtexit2.o(.ARM.Collect$$rtexit$$00000004)
    .text                                    0x0800020c   Section        0  main.o(.text)
    .text                                    0x08000394   Section        0  stm32f10x_it.o(.text)
    .text                                    0x080003ac   Section        0  system_stm32f10x.o(.text)
    SetSysClockTo72                          0x080003ad   Thumb Code   212  system_stm32f10x.o(.text)
    SetSysClock                              0x08000481   Thumb Code     8  system_stm32f10x.o(.text)
    .text                                    0x08000588   Section        0  led.o(.text)
    .text                                    0x080011d4   Section        0  encode.o(.text)
    .text                                    0x08001658   Section        0  key.o(.text)
    .text                                    0x08001910   Section        0  usart.o(.text)
    .text                                    0x08001dc8   Section        0  config.o(.text)
    .text                                    0x0800238c   Section        0  flashwr.o(.text)
    .text                                    0x080026c4   Section        0  detecting.o(.text)
    .text                                    0x08002908   Section        0  updataparam.o(.text)
    .text                                    0x08002cd0   Section       64  startup_stm32f10x_hd.o(.text)
    .text                                    0x08002d10   Section        0  misc.o(.text)
    .text                                    0x08002dec   Section        0  stm32f10x_gpio.o(.text)
    .text                                    0x08003144   Section        0  stm32f10x_rcc.o(.text)
    .text                                    0x080034e8   Section        0  stm32f10x_tim.o(.text)
    TI4_Config                               0x0800398f   Thumb Code   130  stm32f10x_tim.o(.text)
    TI3_Config                               0x08003a23   Thumb Code   122  stm32f10x_tim.o(.text)
    TI2_Config                               0x08003ab7   Thumb Code   130  stm32f10x_tim.o(.text)
    TI1_Config                               0x08003b4b   Thumb Code   108  stm32f10x_tim.o(.text)
    .text                                    0x08004304   Section        0  stm32f10x_usart.o(.text)
    .text                                    0x0800470c   Section        0  stm32f10x_dma.o(.text)
    .text                                    0x0800495c   Section        0  stm32f10x_flash.o(.text)
    .text                                    0x08004f18   Section        0  delay.o(.text)
    .text                                    0x0800500c   Section        0  sys.o(.text)
    .text                                    0x08005030   Section        0  os_core.o(.text)
    OS_InitTaskStat                          0x080050db   Thumb Code    52  os_core.o(.text)
    OS_InitTaskIdle                          0x08005131   Thumb Code    52  os_core.o(.text)
    OS_InitEventList                         0x08005177   Thumb Code    74  os_core.o(.text)
    OS_InitTCBList                           0x080051c1   Thumb Code   106  os_core.o(.text)
    OS_InitRdyList                           0x0800522b   Thumb Code    44  os_core.o(.text)
    OS_InitMisc                              0x08005257   Thumb Code    44  os_core.o(.text)
    OS_SchedNew                              0x080052cf   Thumb Code    26  os_core.o(.text)
    .text                                    0x080058e0   Section        0  os_flag.o(.text)
    OS_FlagTaskRdy                           0x08005a57   Thumb Code    96  os_flag.o(.text)
    OS_FlagBlock                             0x08005c1f   Thumb Code   152  os_flag.o(.text)
    .text                                    0x080060f8   Section        0  os_mbox.o(.text)
    .text                                    0x080064c4   Section        0  os_q.o(.text)
    .text                                    0x08006aac   Section        0  os_sem.o(.text)
    .text                                    0x08006e38   Section        0  os_task.o(.text)
    .text                                    0x08007604   Section        0  os_time.o(.text)
    .text                                    0x080077bc   Section        0  os_tmr.o(.text)
    OSTmr_Alloc                              0x080077bd   Thumb Code    50  os_tmr.o(.text)
    OSTmr_Free                               0x0800784f   Thumb Code    58  os_tmr.o(.text)
    OSTmr_Unlink                             0x08007889   Thumb Code    62  os_tmr.o(.text)
    OSTmr_Link                               0x08007aaf   Thumb Code   100  os_tmr.o(.text)
    OSTmr_Task                               0x08007c75   Thumb Code   114  os_tmr.o(.text)
    OSTmr_InitTask                           0x08007ce7   Thumb Code    50  os_tmr.o(.text)
    .text                                    0x08007df0   Section        0  os_cpu_c.o(.text)
    .text                                    0x08007ec4   Section      180  os_cpu_a.o(.text)
    .text                                    0x08007f78   Section        0  heapauxi.o(.text)
    .text                                    0x08007f7e   Section        0  _rserrno.o(.text)
    .text                                    0x08007f94   Section        8  rt_errno_addr_intlibspace.o(.text)
    .text                                    0x08007f9c   Section        8  libspace.o(.text)
    .text                                    0x08007fa4   Section       74  sys_stackheap_outer.o(.text)
    .text                                    0x08007fee   Section        0  exit.o(.text)
    .text                                    0x08007ffc   Section        0  sys_exit.o(.text)
    .text                                    0x08008008   Section        2  use_no_semi.o(.text)
    .text                                    0x0800800a   Section        0  indicate_semi.o(.text)
    i.sqrt                                   0x0800800a   Section        0  sqrt.o(i.sqrt)
    x$fpl$dadd                               0x08008058   Section      336  daddsub_clz.o(x$fpl$dadd)
    _dadd1                                   0x08008069   Thumb Code     0  daddsub_clz.o(x$fpl$dadd)
    x$fpl$dfixu                              0x080081a8   Section       90  dfixu.o(x$fpl$dfixu)
    x$fpl$dflt                               0x08008202   Section       46  dflt_clz.o(x$fpl$dflt)
    x$fpl$dnaninf                            0x08008230   Section      156  dnaninf.o(x$fpl$dnaninf)
    x$fpl$dretinf                            0x080082cc   Section       12  dretinf.o(x$fpl$dretinf)
    x$fpl$dsqrt                              0x080082d8   Section      460  dsqrt_noumaal.o(x$fpl$dsqrt)
    x$fpl$dsub                               0x080084a4   Section      468  daddsub_clz.o(x$fpl$dsub)
    _dsub1                                   0x080084b5   Thumb Code     0  daddsub_clz.o(x$fpl$dsub)
    .constdata                               0x08008678   Section      256  os_core.o(.constdata)
    x$fpl$usenofp                            0x08008678   Section        0  usenofp.o(x$fpl$usenofp)
    .data                                    0x20000000   Section       56  main.o(.data)
    .data                                    0x20000038   Section       20  system_stm32f10x.o(.data)
    .data                                    0x2000004c   Section        3  key.o(.data)
    keyStatus                                0x2000004c   Data           1  key.o(.data)
    keyValueBackup                           0x2000004d   Data           1  key.o(.data)
    i                                        0x2000004e   Data           1  key.o(.data)
    .data                                    0x2000004f   Section        1  usart.o(.data)
    err                                      0x2000004f   Data           1  usart.o(.data)
    .data                                    0x20000050   Section        3  config.o(.data)
    tim2flag                                 0x20000050   Data           1  config.o(.data)
    .data                                    0x20000054   Section      114  flashwr.o(.data)
    .data                                    0x200000c6   Section        6  updataparam.o(.data)
    .data                                    0x200000cc   Section       20  stm32f10x_rcc.o(.data)
    APBAHBPrescTable                         0x200000cc   Data          16  stm32f10x_rcc.o(.data)
    ADCPrescTable                            0x200000dc   Data           4  stm32f10x_rcc.o(.data)
    .data                                    0x200000e0   Section        4  delay.o(.data)
    fac_us                                   0x200000e0   Data           1  delay.o(.data)
    fac_ms                                   0x200000e2   Data           2  delay.o(.data)
    .data                                    0x200000e4   Section       92  os_core.o(.data)
    .data                                    0x20000140   Section        6  os_cpu_c.o(.data)
    OSTmrCtr                                 0x20000144   Data           2  os_cpu_c.o(.data)
    .bss                                     0x20000148   Section     3216  main.o(.bss)
    .bss                                     0x20000dd8   Section       40  usart.o(.bss)
    .bss                                     0x20000e00   Section       54  config.o(.bss)
    .bss                                     0x20000e38   Section     3904  os_core.o(.bss)
    .bss                                     0x20001d78   Section       96  libspace.o(.bss)
    HEAP                                     0x20001dd8   Section      512  startup_stm32f10x_hd.o(HEAP)
    Heap_Mem                                 0x20001dd8   Data         512  startup_stm32f10x_hd.o(HEAP)
    STACK                                    0x20001fd8   Section     1024  startup_stm32f10x_hd.o(STACK)
    Stack_Mem                                0x20001fd8   Data        1024  startup_stm32f10x_hd.o(STACK)
    __initial_sp                             0x200023d8   Data           0  startup_stm32f10x_hd.o(STACK)

    Global Symbols

    Symbol Name                              Value     Ov Type        Size  Object(Section)

    BuildAttributes$$THM_ISAv4$P$D$K$B$S$PE$A:L22UL41UL21$X:L11$S22US41US21$IEEE1$IW$USESV6$~STKCKD$USESV7$~SHL$OTIME$ROPI$IEEEJ$EBA8$UX$STANDARDLIB$REQ8$PRES8$EABIv2 0x00000000   Number         0  anon$$obj.o ABSOLUTE
    __ARM_use_no_argv                        0x00000000   Number         0  main.o ABSOLUTE
    __ARM_exceptions_init                     - Undefined Weak Reference
    __alloca_initialize                       - Undefined Weak Reference
    __cpp_initialize__aeabi_                  - Undefined Weak Reference
    __cxa_finalize                            - Undefined Weak Reference
    __rt_locale                               - Undefined Weak Reference
    __sigvec_lookup                           - Undefined Weak Reference
    _atexit_init                              - Undefined Weak Reference
    _call_atexit_fns                          - Undefined Weak Reference
    _clock_init                               - Undefined Weak Reference
    _fp_trap_init                             - Undefined Weak Reference
    _fp_trap_shutdown                         - Undefined Weak Reference
    _get_lc_collate                           - Undefined Weak Reference
    _get_lc_ctype                             - Undefined Weak Reference
    _get_lc_monetary                          - Undefined Weak Reference
    _get_lc_numeric                           - Undefined Weak Reference
    _get_lc_time                              - Undefined Weak Reference
    _getenv_init                              - Undefined Weak Reference
    _handle_redirection                       - Undefined Weak Reference
    _init_alloc                               - Undefined Weak Reference
    _init_user_alloc                          - Undefined Weak Reference
    _initio                                   - Undefined Weak Reference
    _rand_init                                - Undefined Weak Reference
    _signal_finish                            - Undefined Weak Reference
    _signal_init                              - Undefined Weak Reference
    _terminate_alloc                          - Undefined Weak Reference
    _terminate_user_alloc                     - Undefined Weak Reference
    _terminateio                              - Undefined Weak Reference
    __Vectors_Size                           0x00000130   Number         0  startup_stm32f10x_hd.o ABSOLUTE
    __Vectors                                0x08000000   Data           4  startup_stm32f10x_hd.o(RESET)
    __Vectors_End                            0x08000130   Data           0  startup_stm32f10x_hd.o(RESET)
    __main                                   0x08000131   Thumb Code     8  __main.o(!!!main)
    __scatterload                            0x08000139   Thumb Code     0  __scatter.o(!!!scatter)
    __scatterload_rt2                        0x08000139   Thumb Code    44  __scatter.o(!!!scatter)
    __scatterload_rt2_thumb_only             0x08000139   Thumb Code     0  __scatter.o(!!!scatter)
    __scatterload_null                       0x08000147   Thumb Code     0  __scatter.o(!!!scatter)
    __decompress                             0x0800016d   Thumb Code    90  __dczerorl2.o(!!dczerorl2)
    __decompress1                            0x0800016d   Thumb Code     0  __dczerorl2.o(!!dczerorl2)
    __scatterload_zeroinit                   0x080001c9   Thumb Code    28  __scatter_zi.o(!!handler_zi)
    __rt_lib_init                            0x080001e5   Thumb Code     0  libinit.o(.ARM.Collect$$libinit$$00000000)
    __rt_lib_init_alloca_1                   0x080001e7   Thumb Code     0  libinit2.o(.ARM.Collect$$libinit$$0000002C)
    __rt_lib_init_argv_1                     0x080001e7   Thumb Code     0  libinit2.o(.ARM.Collect$$libinit$$0000002A)
    __rt_lib_init_atexit_1                   0x080001e7   Thumb Code     0  libinit2.o(.ARM.Collect$$libinit$$00000019)
    __rt_lib_init_clock_1                    0x080001e7   Thumb Code     0  libinit2.o(.ARM.Collect$$libinit$$0000001F)
    __rt_lib_init_cpp_1                      0x080001e7   Thumb Code     0  libinit2.o(.ARM.Collect$$libinit$$00000030)
    __rt_lib_init_exceptions_1               0x080001e7   Thumb Code     0  libinit2.o(.ARM.Collect$$libinit$$0000002E)
    __rt_lib_init_fp_1                       0x080001e7   Thumb Code     0  libinit2.o(.ARM.Collect$$libinit$$00000002)
    __rt_lib_init_fp_trap_1                  0x080001e7   Thumb Code     0  libinit2.o(.ARM.Collect$$libinit$$0000001D)
    __rt_lib_init_getenv_1                   0x080001e7   Thumb Code     0  libinit2.o(.ARM.Collect$$libinit$$00000021)
    __rt_lib_init_heap_1                     0x080001e7   Thumb Code     0  libinit2.o(.ARM.Collect$$libinit$$00000008)
    __rt_lib_init_lc_collate_1               0x080001e7   Thumb Code     0  libinit2.o(.ARM.Collect$$libinit$$0000000F)
    __rt_lib_init_lc_ctype_1                 0x080001e7   Thumb Code     0  libinit2.o(.ARM.Collect$$libinit$$00000011)
    __rt_lib_init_lc_monetary_1              0x080001e7   Thumb Code     0  libinit2.o(.ARM.Collect$$libinit$$00000013)
    __rt_lib_init_lc_numeric_1               0x080001e7   Thumb Code     0  libinit2.o(.ARM.Collect$$libinit$$00000015)
    __rt_lib_init_lc_time_1                  0x080001e7   Thumb Code     0  libinit2.o(.ARM.Collect$$libinit$$00000017)
    __rt_lib_init_rand_1                     0x080001e7   Thumb Code     0  libinit2.o(.ARM.Collect$$libinit$$0000000C)
    __rt_lib_init_return                     0x080001e7   Thumb Code     0  libinit2.o(.ARM.Collect$$libinit$$00000031)
    __rt_lib_init_signal_1                   0x080001e7   Thumb Code     0  libinit2.o(.ARM.Collect$$libinit$$0000001B)
    __rt_lib_init_stdio_1                    0x080001e7   Thumb Code     0  libinit2.o(.ARM.Collect$$libinit$$00000023)
    __rt_lib_init_user_alloc_1               0x080001e7   Thumb Code     0  libinit2.o(.ARM.Collect$$libinit$$0000000A)
    __rt_lib_shutdown                        0x080001e9   Thumb Code     0  libshutdown.o(.ARM.Collect$$libshutdown$$00000000)
    __rt_lib_shutdown_fp_trap_1              0x080001eb   Thumb Code     0  libshutdown2.o(.ARM.Collect$$libshutdown$$00000006)
    __rt_lib_shutdown_heap_1                 0x080001eb   Thumb Code     0  libshutdown2.o(.ARM.Collect$$libshutdown$$0000000E)
    __rt_lib_shutdown_return                 0x080001eb   Thumb Code     0  libshutdown2.o(.ARM.Collect$$libshutdown$$0000000F)
    __rt_lib_shutdown_signal_1               0x080001eb   Thumb Code     0  libshutdown2.o(.ARM.Collect$$libshutdown$$00000009)
    __rt_lib_shutdown_stdio_1                0x080001eb   Thumb Code     0  libshutdown2.o(.ARM.Collect$$libshutdown$$00000003)
    __rt_lib_shutdown_user_alloc_1           0x080001eb   Thumb Code     0  libshutdown2.o(.ARM.Collect$$libshutdown$$0000000B)
    __rt_entry                               0x080001ed   Thumb Code     0  rtentry.o(.ARM.Collect$$rtentry$$00000000)
    __rt_entry_presh_1                       0x080001ed   Thumb Code     0  rtentry2.o(.ARM.Collect$$rtentry$$00000002)
    __rt_entry_sh                            0x080001ed   Thumb Code     0  rtentry4.o(.ARM.Collect$$rtentry$$00000004)
    __rt_entry_li                            0x080001f3   Thumb Code     0  rtentry2.o(.ARM.Collect$$rtentry$$0000000A)
    __rt_entry_postsh_1                      0x080001f3   Thumb Code     0  rtentry2.o(.ARM.Collect$$rtentry$$00000009)
    __rt_entry_main                          0x080001f7   Thumb Code     0  rtentry2.o(.ARM.Collect$$rtentry$$0000000D)
    __rt_entry_postli_1                      0x080001f7   Thumb Code     0  rtentry2.o(.ARM.Collect$$rtentry$$0000000C)
    __rt_exit                                0x080001ff   Thumb Code     0  rtexit.o(.ARM.Collect$$rtexit$$00000000)
    __rt_exit_ls                             0x08000201   Thumb Code     0  rtexit2.o(.ARM.Collect$$rtexit$$00000003)
    __rt_exit_prels_1                        0x08000201   Thumb Code     0  rtexit2.o(.ARM.Collect$$rtexit$$00000002)
    __rt_exit_exit                           0x08000205   Thumb Code     0  rtexit2.o(.ARM.Collect$$rtexit$$00000004)
    start_task                               0x0800020d   Thumb Code   216  main.o(.text)
    main                                     0x080002e5   Thumb Code    72  main.o(.text)
    NMI_Handler                              0x08000395   Thumb Code     2  stm32f10x_it.o(.text)
    HardFault_Handler                        0x08000397   Thumb Code     4  stm32f10x_it.o(.text)
    MemManage_Handler                        0x0800039b   Thumb Code     4  stm32f10x_it.o(.text)
    BusFault_Handler                         0x0800039f   Thumb Code     4  stm32f10x_it.o(.text)
    UsageFault_Handler                       0x080003a3   Thumb Code     4  stm32f10x_it.o(.text)
    SVC_Handler                              0x080003a7   Thumb Code     2  stm32f10x_it.o(.text)
    DebugMon_Handler                         0x080003a9   Thumb Code     2  stm32f10x_it.o(.text)
    SystemInit                               0x08000489   Thumb Code    78  system_stm32f10x.o(.text)
    SystemCoreClockUpdate                    0x080004d7   Thumb Code   142  system_stm32f10x.o(.text)
    Uart_SendData                            0x08000589   Thumb Code    26  led.o(.text)
    AllLedOff                                0x080005a3   Thumb Code   118  led.o(.text)
    Led_Init                                 0x08000619   Thumb Code    80  led.o(.text)
    Uart2_Init                               0x08000669   Thumb Code   120  led.o(.text)
    Uart3_Init                               0x080006e1   Thumb Code   124  led.o(.text)
    NixieTube_AllOff                         0x0800075d   Thumb Code    42  led.o(.text)
    TM1652_Init                              0x08000787   Thumb Code    40  led.o(.text)
    SendDataNum                              0x080007af   Thumb Code   142  led.o(.text)
    NixieTub_four                            0x0800083d   Thumb Code   148  led.o(.text)
    NixieTub_twoship                         0x080008d1   Thumb Code   144  led.o(.text)
    NixieTub_Three                           0x08000961   Thumb Code   214  led.o(.text)
    NixieTubeLowLight                        0x08000a37   Thumb Code   140  led.o(.text)
    NixieTubeDisplay                         0x08000ac3   Thumb Code   544  led.o(.text)
    LedState                                 0x08000ce3   Thumb Code   662  led.o(.text)
    updateLedState                           0x08000f79   Thumb Code   458  led.o(.text)
    NixieTube_task                           0x08001143   Thumb Code   116  led.o(.text)
    TIME4_Encode                             0x080011d5   Thumb Code   132  encode.o(.text)
    TIME2_Encode                             0x08001259   Thumb Code   136  encode.o(.text)
    TIME3_Encode                             0x080012e1   Thumb Code   144  encode.o(.text)
    TIM2_IRQHandler                          0x08001371   Thumb Code   154  encode.o(.text)
    TIM3_IRQHandler                          0x0800140b   Thumb Code   168  encode.o(.text)
    TIM4_IRQHandler                          0x080014b3   Thumb Code   154  encode.o(.text)
    Encode_Init                              0x0800154d   Thumb Code    40  encode.o(.text)
    Encode1_Enable                           0x08001575   Thumb Code    44  encode.o(.text)
    Encode2_Enable                           0x080015a1   Thumb Code    72  encode.o(.text)
    Encode3_Enable                           0x080015e9   Thumb Code    44  encode.o(.text)
    DisableEncode                            0x08001615   Thumb Code    60  encode.o(.text)
    Key_Init                                 0x08001659   Thumb Code    72  key.o(.text)
    Get_KeyValue                             0x080016a1   Thumb Code    76  key.o(.text)
    key_task                                 0x080016ed   Thumb Code   508  key.o(.text)
    USART1_ModeInit                          0x08001911   Thumb Code    42  usart.o(.text)
    USART1_GPIOInit                          0x0800193b   Thumb Code   106  usart.o(.text)
    USART1_NVIC_Configuration                0x080019a5   Thumb Code    40  usart.o(.text)
    UART1_DMA_Configuration                  0x080019cd   Thumb Code    82  usart.o(.text)
    USART1_Config                            0x08001a1f   Thumb Code    58  usart.o(.text)
    WriteParam                               0x08001a59   Thumb Code    60  usart.o(.text)
    GetCom1Data                              0x08001a95   Thumb Code   422  usart.o(.text)
    USART1_IRQHandler                        0x08001c3b   Thumb Code    92  usart.o(.text)
    Com1SendData                             0x08001c97   Thumb Code    88  usart.o(.text)
    usartsend_task                           0x08001cef   Thumb Code   210  usart.o(.text)
    Time1_Config                             0x08001dc9   Thumb Code   106  config.o(.text)
    faultJudge                               0x08001e33   Thumb Code   132  config.o(.text)
    TIM1_UP_IRQHandler                       0x08001eb7   Thumb Code    68  config.o(.text)
    OffSetInit                               0x08001efb   Thumb Code   278  config.o(.text)
    OffSetWrite                              0x08002011   Thumb Code    82  config.o(.text)
    OpenSerial                               0x08002063   Thumb Code    28  config.o(.text)
    OffSetRead                               0x0800207f   Thumb Code    28  config.o(.text)
    CloseSerial                              0x0800209b   Thumb Code    28  config.o(.text)
    AskConnect                               0x080020b7   Thumb Code    22  config.o(.text)
    msg_crc                                  0x080020cd   Thumb Code    80  config.o(.text)
    exception                                0x0800211d   Thumb Code   420  config.o(.text)
    tmr1_callback                            0x080022c1   Thumb Code    40  config.o(.text)
    tmr2_callback                            0x080022e9   Thumb Code    12  config.o(.text)
    handshake_task                           0x080022f5   Thumb Code   118  config.o(.text)
    WriteFlash_param                         0x0800238d   Thumb Code   376  flashwr.o(.text)
    ReadFlash_param                          0x08002505   Thumb Code   414  flashwr.o(.text)
    NetDetecting                             0x080026c5   Thumb Code   260  detecting.o(.text)
    paramSet_task                            0x080027c9   Thumb Code   286  detecting.o(.text)
    paramClct                                0x08002909   Thumb Code   514  updataparam.o(.text)
    paramUpdata                              0x08002b0b   Thumb Code   424  updataparam.o(.text)
    Reset_Handler                            0x08002cd1   Thumb Code     8  startup_stm32f10x_hd.o(.text)
    ADC1_2_IRQHandler                        0x08002ceb   Thumb Code     0  startup_stm32f10x_hd.o(.text)
    ADC3_IRQHandler                          0x08002ceb   Thumb Code     0  startup_stm32f10x_hd.o(.text)
    CAN1_RX1_IRQHandler                      0x08002ceb   Thumb Code     0  startup_stm32f10x_hd.o(.text)
    CAN1_SCE_IRQHandler                      0x08002ceb   Thumb Code     0  startup_stm32f10x_hd.o(.text)
    DMA1_Channel1_IRQHandler                 0x08002ceb   Thumb Code     0  startup_stm32f10x_hd.o(.text)
    DMA1_Channel2_IRQHandler                 0x08002ceb   Thumb Code     0  startup_stm32f10x_hd.o(.text)
    DMA1_Channel3_IRQHandler                 0x08002ceb   Thumb Code     0  startup_stm32f10x_hd.o(.text)
    DMA1_Channel4_IRQHandler                 0x08002ceb   Thumb Code     0  startup_stm32f10x_hd.o(.text)
    DMA1_Channel5_IRQHandler                 0x08002ceb   Thumb Code     0  startup_stm32f10x_hd.o(.text)
    DMA1_Channel6_IRQHandler                 0x08002ceb   Thumb Code     0  startup_stm32f10x_hd.o(.text)
    DMA1_Channel7_IRQHandler                 0x08002ceb   Thumb Code     0  startup_stm32f10x_hd.o(.text)
    DMA2_Channel1_IRQHandler                 0x08002ceb   Thumb Code     0  startup_stm32f10x_hd.o(.text)
    DMA2_Channel2_IRQHandler                 0x08002ceb   Thumb Code     0  startup_stm32f10x_hd.o(.text)
    DMA2_Channel3_IRQHandler                 0x08002ceb   Thumb Code     0  startup_stm32f10x_hd.o(.text)
    DMA2_Channel4_5_IRQHandler               0x08002ceb   Thumb Code     0  startup_stm32f10x_hd.o(.text)
    EXTI0_IRQHandler                         0x08002ceb   Thumb Code     0  startup_stm32f10x_hd.o(.text)
    EXTI15_10_IRQHandler                     0x08002ceb   Thumb Code     0  startup_stm32f10x_hd.o(.text)
    EXTI1_IRQHandler                         0x08002ceb   Thumb Code     0  startup_stm32f10x_hd.o(.text)
    EXTI2_IRQHandler                         0x08002ceb   Thumb Code     0  startup_stm32f10x_hd.o(.text)
    EXTI3_IRQHandler                         0x08002ceb   Thumb Code     0  startup_stm32f10x_hd.o(.text)
    EXTI4_IRQHandler                         0x08002ceb   Thumb Code     0  startup_stm32f10x_hd.o(.text)
    EXTI9_5_IRQHandler                       0x08002ceb   Thumb Code     0  startup_stm32f10x_hd.o(.text)
    FLASH_IRQHandler                         0x08002ceb   Thumb Code     0  startup_stm32f10x_hd.o(.text)
    FSMC_IRQHandler                          0x08002ceb   Thumb Code     0  startup_stm32f10x_hd.o(.text)
    I2C1_ER_IRQHandler                       0x08002ceb   Thumb Code     0  startup_stm32f10x_hd.o(.text)
    I2C1_EV_IRQHandler                       0x08002ceb   Thumb Code     0  startup_stm32f10x_hd.o(.text)
    I2C2_ER_IRQHandler                       0x08002ceb   Thumb Code     0  startup_stm32f10x_hd.o(.text)
    I2C2_EV_IRQHandler                       0x08002ceb   Thumb Code     0  startup_stm32f10x_hd.o(.text)
    PVD_IRQHandler                           0x08002ceb   Thumb Code     0  startup_stm32f10x_hd.o(.text)
    RCC_IRQHandler                           0x08002ceb   Thumb Code     0  startup_stm32f10x_hd.o(.text)
    RTCAlarm_IRQHandler                      0x08002ceb   Thumb Code     0  startup_stm32f10x_hd.o(.text)
    RTC_IRQHandler                           0x08002ceb   Thumb Code     0  startup_stm32f10x_hd.o(.text)
    SDIO_IRQHandler                          0x08002ceb   Thumb Code     0  startup_stm32f10x_hd.o(.text)
    SPI1_IRQHandler                          0x08002ceb   Thumb Code     0  startup_stm32f10x_hd.o(.text)
    SPI2_IRQHandler                          0x08002ceb   Thumb Code     0  startup_stm32f10x_hd.o(.text)
    SPI3_IRQHandler                          0x08002ceb   Thumb Code     0  startup_stm32f10x_hd.o(.text)
    TAMPER_IRQHandler                        0x08002ceb   Thumb Code     0  startup_stm32f10x_hd.o(.text)
    TIM1_BRK_IRQHandler                      0x08002ceb   Thumb Code     0  startup_stm32f10x_hd.o(.text)
    TIM1_CC_IRQHandler                       0x08002ceb   Thumb Code     0  startup_stm32f10x_hd.o(.text)
    TIM1_TRG_COM_IRQHandler                  0x08002ceb   Thumb Code     0  startup_stm32f10x_hd.o(.text)
    TIM5_IRQHandler                          0x08002ceb   Thumb Code     0  startup_stm32f10x_hd.o(.text)
    TIM6_IRQHandler                          0x08002ceb   Thumb Code     0  startup_stm32f10x_hd.o(.text)
    TIM7_IRQHandler                          0x08002ceb   Thumb Code     0  startup_stm32f10x_hd.o(.text)
    TIM8_BRK_IRQHandler                      0x08002ceb   Thumb Code     0  startup_stm32f10x_hd.o(.text)
    TIM8_CC_IRQHandler                       0x08002ceb   Thumb Code     0  startup_stm32f10x_hd.o(.text)
    TIM8_TRG_COM_IRQHandler                  0x08002ceb   Thumb Code     0  startup_stm32f10x_hd.o(.text)
    TIM8_UP_IRQHandler                       0x08002ceb   Thumb Code     0  startup_stm32f10x_hd.o(.text)
    UART4_IRQHandler                         0x08002ceb   Thumb Code     0  startup_stm32f10x_hd.o(.text)
    UART5_IRQHandler                         0x08002ceb   Thumb Code     0  startup_stm32f10x_hd.o(.text)
    USART2_IRQHandler                        0x08002ceb   Thumb Code     0  startup_stm32f10x_hd.o(.text)
    USART3_IRQHandler                        0x08002ceb   Thumb Code     0  startup_stm32f10x_hd.o(.text)
    USBWakeUp_IRQHandler                     0x08002ceb   Thumb Code     0  startup_stm32f10x_hd.o(.text)
    USB_HP_CAN1_TX_IRQHandler                0x08002ceb   Thumb Code     0  startup_stm32f10x_hd.o(.text)
    USB_LP_CAN1_RX0_IRQHandler               0x08002ceb   Thumb Code     0  startup_stm32f10x_hd.o(.text)
    WWDG_IRQHandler                          0x08002ceb   Thumb Code     0  startup_stm32f10x_hd.o(.text)
    __user_initial_stackheap                 0x08002ced   Thumb Code     0  startup_stm32f10x_hd.o(.text)
    NVIC_PriorityGroupConfig                 0x08002d11   Thumb Code    10  misc.o(.text)
    NVIC_Init                                0x08002d1b   Thumb Code   102  misc.o(.text)
    NVIC_SetVectorTable                      0x08002d81   Thumb Code    14  misc.o(.text)
    NVIC_SystemLPConfig                      0x08002d8f   Thumb Code    34  misc.o(.text)
    SysTick_CLKSourceConfig                  0x08002db1   Thumb Code    40  misc.o(.text)
    GPIO_DeInit                              0x08002ded   Thumb Code   172  stm32f10x_gpio.o(.text)
    GPIO_AFIODeInit                          0x08002e99   Thumb Code    20  stm32f10x_gpio.o(.text)
    GPIO_Init                                0x08002ead   Thumb Code   274  stm32f10x_gpio.o(.text)
    GPIO_StructInit                          0x08002fbf   Thumb Code    16  stm32f10x_gpio.o(.text)
    GPIO_ReadInputDataBit                    0x08002fcf   Thumb Code    18  stm32f10x_gpio.o(.text)
    GPIO_ReadInputData                       0x08002fe1   Thumb Code     8  stm32f10x_gpio.o(.text)
    GPIO_ReadOutputDataBit                   0x08002fe9   Thumb Code    18  stm32f10x_gpio.o(.text)
    GPIO_ReadOutputData                      0x08002ffb   Thumb Code     8  stm32f10x_gpio.o(.text)
    GPIO_SetBits                             0x08003003   Thumb Code     4  stm32f10x_gpio.o(.text)
    GPIO_ResetBits                           0x08003007   Thumb Code     4  stm32f10x_gpio.o(.text)
    GPIO_WriteBit                            0x0800300b   Thumb Code    10  stm32f10x_gpio.o(.text)
    GPIO_Write                               0x08003015   Thumb Code     4  stm32f10x_gpio.o(.text)
    GPIO_PinLockConfig                       0x08003019   Thumb Code    18  stm32f10x_gpio.o(.text)
    GPIO_EventOutputConfig                   0x0800302b   Thumb Code    26  stm32f10x_gpio.o(.text)
    GPIO_EventOutputCmd                      0x08003045   Thumb Code     6  stm32f10x_gpio.o(.text)
    GPIO_PinRemapConfig                      0x0800304b   Thumb Code   138  stm32f10x_gpio.o(.text)
    GPIO_EXTILineConfig                      0x080030d5   Thumb Code    66  stm32f10x_gpio.o(.text)
    GPIO_ETH_MediaInterfaceConfig            0x08003117   Thumb Code     6  stm32f10x_gpio.o(.text)
    RCC_DeInit                               0x08003145   Thumb Code    64  stm32f10x_rcc.o(.text)
    RCC_HSEConfig                            0x08003185   Thumb Code    70  stm32f10x_rcc.o(.text)
    RCC_GetFlagStatus                        0x080031cb   Thumb Code    56  stm32f10x_rcc.o(.text)
    RCC_WaitForHSEStartUp                    0x08003203   Thumb Code    56  stm32f10x_rcc.o(.text)
    RCC_AdjustHSICalibrationValue            0x0800323b   Thumb Code    20  stm32f10x_rcc.o(.text)
    RCC_HSICmd                               0x0800324f   Thumb Code     6  stm32f10x_rcc.o(.text)
    RCC_PLLConfig                            0x08003255   Thumb Code    24  stm32f10x_rcc.o(.text)
    RCC_PLLCmd                               0x0800326d   Thumb Code     6  stm32f10x_rcc.o(.text)
    RCC_SYSCLKConfig                         0x08003273   Thumb Code    18  stm32f10x_rcc.o(.text)
    RCC_GetSYSCLKSource                      0x08003285   Thumb Code    10  stm32f10x_rcc.o(.text)
    RCC_HCLKConfig                           0x0800328f   Thumb Code    18  stm32f10x_rcc.o(.text)
    RCC_PCLK1Config                          0x080032a1   Thumb Code    18  stm32f10x_rcc.o(.text)
    RCC_PCLK2Config                          0x080032b3   Thumb Code    20  stm32f10x_rcc.o(.text)
    RCC_ITConfig                             0x080032c7   Thumb Code    26  stm32f10x_rcc.o(.text)
    RCC_USBCLKConfig                         0x080032e1   Thumb Code     6  stm32f10x_rcc.o(.text)
    RCC_ADCCLKConfig                         0x080032e7   Thumb Code    18  stm32f10x_rcc.o(.text)
    RCC_LSEConfig                            0x080032f9   Thumb Code    44  stm32f10x_rcc.o(.text)
    RCC_LSICmd                               0x08003325   Thumb Code     6  stm32f10x_rcc.o(.text)
    RCC_RTCCLKConfig                         0x0800332b   Thumb Code    12  stm32f10x_rcc.o(.text)
    RCC_RTCCLKCmd                            0x08003337   Thumb Code     8  stm32f10x_rcc.o(.text)
    RCC_GetClocksFreq                        0x0800333f   Thumb Code   192  stm32f10x_rcc.o(.text)
    RCC_AHBPeriphClockCmd                    0x080033ff   Thumb Code    26  stm32f10x_rcc.o(.text)
    RCC_APB2PeriphClockCmd                   0x08003419   Thumb Code    26  stm32f10x_rcc.o(.text)
    RCC_APB1PeriphClockCmd                   0x08003433   Thumb Code    26  stm32f10x_rcc.o(.text)
    RCC_APB2PeriphResetCmd                   0x0800344d   Thumb Code    26  stm32f10x_rcc.o(.text)
    RCC_APB1PeriphResetCmd                   0x08003467   Thumb Code    26  stm32f10x_rcc.o(.text)
    RCC_BackupResetCmd                       0x08003481   Thumb Code     8  stm32f10x_rcc.o(.text)
    RCC_ClockSecuritySystemCmd               0x08003489   Thumb Code     6  stm32f10x_rcc.o(.text)
    RCC_MCOConfig                            0x0800348f   Thumb Code     6  stm32f10x_rcc.o(.text)
    RCC_ClearFlag                            0x08003495   Thumb Code    14  stm32f10x_rcc.o(.text)
    RCC_GetITStatus                          0x080034a3   Thumb Code    20  stm32f10x_rcc.o(.text)
    RCC_ClearITPendingBit                    0x080034b7   Thumb Code     6  stm32f10x_rcc.o(.text)
    TIM_DeInit                               0x080034e9   Thumb Code   424  stm32f10x_tim.o(.text)
    TIM_TimeBaseInit                         0x08003691   Thumb Code   122  stm32f10x_tim.o(.text)
    TIM_OC1Init                              0x0800370b   Thumb Code   132  stm32f10x_tim.o(.text)
    TIM_OC2Init                              0x0800378f   Thumb Code   154  stm32f10x_tim.o(.text)
    TIM_OC3Init                              0x08003829   Thumb Code   150  stm32f10x_tim.o(.text)
    TIM_OC4Init                              0x080038bf   Thumb Code   182  stm32f10x_tim.o(.text)
    TIM_SetIC4Prescaler                      0x08003975   Thumb Code    26  stm32f10x_tim.o(.text)
    TIM_SetIC3Prescaler                      0x08003a11   Thumb Code    18  stm32f10x_tim.o(.text)
    TIM_SetIC2Prescaler                      0x08003a9d   Thumb Code    26  stm32f10x_tim.o(.text)
    TIM_SetIC1Prescaler                      0x08003b39   Thumb Code    18  stm32f10x_tim.o(.text)
    TIM_ICInit                               0x08003bb7   Thumb Code   150  stm32f10x_tim.o(.text)
    TIM_PWMIConfig                           0x08003c4d   Thumb Code   124  stm32f10x_tim.o(.text)
    TIM_BDTRConfig                           0x08003cc9   Thumb Code    32  stm32f10x_tim.o(.text)
    TIM_TimeBaseStructInit                   0x08003ce9   Thumb Code    18  stm32f10x_tim.o(.text)
    TIM_OCStructInit                         0x08003cfb   Thumb Code    20  stm32f10x_tim.o(.text)
    TIM_ICStructInit                         0x08003d0f   Thumb Code    18  stm32f10x_tim.o(.text)
    TIM_BDTRStructInit                       0x08003d21   Thumb Code    40  stm32f10x_tim.o(.text)
    TIM_Cmd                                  0x08003d49   Thumb Code    24  stm32f10x_tim.o(.text)
    TIM_CtrlPWMOutputs                       0x08003d61   Thumb Code    30  stm32f10x_tim.o(.text)
    TIM_ITConfig                             0x08003d7f   Thumb Code    18  stm32f10x_tim.o(.text)
    TIM_GenerateEvent                        0x08003d91   Thumb Code     4  stm32f10x_tim.o(.text)
    TIM_DMAConfig                            0x08003d95   Thumb Code    10  stm32f10x_tim.o(.text)
    TIM_DMACmd                               0x08003d9f   Thumb Code    18  stm32f10x_tim.o(.text)
    TIM_InternalClockConfig                  0x08003db1   Thumb Code    12  stm32f10x_tim.o(.text)
    TIM_SelectInputTrigger                   0x08003dbd   Thumb Code    18  stm32f10x_tim.o(.text)
    TIM_ITRxExternalClockConfig              0x08003dcf   Thumb Code    24  stm32f10x_tim.o(.text)
    TIM_TIxExternalClockConfig               0x08003de7   Thumb Code    62  stm32f10x_tim.o(.text)
    TIM_ETRConfig                            0x08003e25   Thumb Code    28  stm32f10x_tim.o(.text)
    TIM_ETRClockMode1Config                  0x08003e41   Thumb Code    54  stm32f10x_tim.o(.text)
    TIM_ETRClockMode2Config                  0x08003e77   Thumb Code    32  stm32f10x_tim.o(.text)
    TIM_PrescalerConfig                      0x08003e97   Thumb Code     6  stm32f10x_tim.o(.text)
    TIM_CounterModeConfig                    0x08003e9d   Thumb Code    18  stm32f10x_tim.o(.text)
    TIM_EncoderInterfaceConfig               0x08003eaf   Thumb Code    66  stm32f10x_tim.o(.text)
    TIM_ForcedOC1Config                      0x08003ef1   Thumb Code    18  stm32f10x_tim.o(.text)
    TIM_ForcedOC2Config                      0x08003f03   Thumb Code    26  stm32f10x_tim.o(.text)
    TIM_ForcedOC3Config                      0x08003f1d   Thumb Code    18  stm32f10x_tim.o(.text)
    TIM_ForcedOC4Config                      0x08003f2f   Thumb Code    26  stm32f10x_tim.o(.text)
    TIM_ARRPreloadConfig                     0x08003f49   Thumb Code    24  stm32f10x_tim.o(.text)
    TIM_SelectCOM                            0x08003f61   Thumb Code    24  stm32f10x_tim.o(.text)
    TIM_SelectCCDMA                          0x08003f79   Thumb Code    24  stm32f10x_tim.o(.text)
    TIM_CCPreloadControl                     0x08003f91   Thumb Code    24  stm32f10x_tim.o(.text)
    TIM_OC1PreloadConfig                     0x08003fa9   Thumb Code    18  stm32f10x_tim.o(.text)
    TIM_OC2PreloadConfig                     0x08003fbb   Thumb Code    26  stm32f10x_tim.o(.text)
    TIM_OC3PreloadConfig                     0x08003fd5   Thumb Code    18  stm32f10x_tim.o(.text)
    TIM_OC4PreloadConfig                     0x08003fe7   Thumb Code    26  stm32f10x_tim.o(.text)
    TIM_OC1FastConfig                        0x08004001   Thumb Code    18  stm32f10x_tim.o(.text)
    TIM_OC2FastConfig                        0x08004013   Thumb Code    26  stm32f10x_tim.o(.text)
    TIM_OC3FastConfig                        0x0800402d   Thumb Code    18  stm32f10x_tim.o(.text)
    TIM_OC4FastConfig                        0x0800403f   Thumb Code    26  stm32f10x_tim.o(.text)
    TIM_ClearOC1Ref                          0x08004059   Thumb Code    18  stm32f10x_tim.o(.text)
    TIM_ClearOC2Ref                          0x0800406b   Thumb Code    24  stm32f10x_tim.o(.text)
    TIM_ClearOC3Ref                          0x08004083   Thumb Code    18  stm32f10x_tim.o(.text)
    TIM_ClearOC4Ref                          0x08004095   Thumb Code    24  stm32f10x_tim.o(.text)
    TIM_OC1PolarityConfig                    0x080040ad   Thumb Code    18  stm32f10x_tim.o(.text)
    TIM_OC1NPolarityConfig                   0x080040bf   Thumb Code    18  stm32f10x_tim.o(.text)
    TIM_OC2PolarityConfig                    0x080040d1   Thumb Code    26  stm32f10x_tim.o(.text)
    TIM_OC2NPolarityConfig                   0x080040eb   Thumb Code    26  stm32f10x_tim.o(.text)
    TIM_OC3PolarityConfig                    0x08004105   Thumb Code    26  stm32f10x_tim.o(.text)
    TIM_OC3NPolarityConfig                   0x0800411f   Thumb Code    26  stm32f10x_tim.o(.text)
    TIM_OC4PolarityConfig                    0x08004139   Thumb Code    26  stm32f10x_tim.o(.text)
    TIM_CCxCmd                               0x08004153   Thumb Code    30  stm32f10x_tim.o(.text)
    TIM_CCxNCmd                              0x08004171   Thumb Code    30  stm32f10x_tim.o(.text)
    TIM_SelectOCxM                           0x0800418f   Thumb Code    82  stm32f10x_tim.o(.text)
    TIM_UpdateDisableConfig                  0x080041e1   Thumb Code    24  stm32f10x_tim.o(.text)
    TIM_UpdateRequestConfig                  0x080041f9   Thumb Code    24  stm32f10x_tim.o(.text)
    TIM_SelectHallSensor                     0x08004211   Thumb Code    24  stm32f10x_tim.o(.text)
    TIM_SelectOnePulseMode                   0x08004229   Thumb Code    18  stm32f10x_tim.o(.text)
    TIM_SelectOutputTrigger                  0x0800423b   Thumb Code    18  stm32f10x_tim.o(.text)
    TIM_SelectSlaveMode                      0x0800424d   Thumb Code    18  stm32f10x_tim.o(.text)
    TIM_SelectMasterSlaveMode                0x0800425f   Thumb Code    18  stm32f10x_tim.o(.text)
    TIM_SetCounter                           0x08004271   Thumb Code     4  stm32f10x_tim.o(.text)
    TIM_SetAutoreload                        0x08004275   Thumb Code     4  stm32f10x_tim.o(.text)
    TIM_SetCompare1                          0x08004279   Thumb Code     4  stm32f10x_tim.o(.text)
    TIM_SetCompare2                          0x0800427d   Thumb Code     4  stm32f10x_tim.o(.text)
    TIM_SetCompare3                          0x08004281   Thumb Code     4  stm32f10x_tim.o(.text)
    TIM_SetCompare4                          0x08004285   Thumb Code     6  stm32f10x_tim.o(.text)
    TIM_SetClockDivision                     0x0800428b   Thumb Code    18  stm32f10x_tim.o(.text)
    TIM_GetCapture1                          0x0800429d   Thumb Code     6  stm32f10x_tim.o(.text)
    TIM_GetCapture2                          0x080042a3   Thumb Code     6  stm32f10x_tim.o(.text)
    TIM_GetCapture3                          0x080042a9   Thumb Code     6  stm32f10x_tim.o(.text)
    TIM_GetCapture4                          0x080042af   Thumb Code     8  stm32f10x_tim.o(.text)
    TIM_GetCounter                           0x080042b7   Thumb Code     6  stm32f10x_tim.o(.text)
    TIM_GetPrescaler                         0x080042bd   Thumb Code     6  stm32f10x_tim.o(.text)
    TIM_GetFlagStatus                        0x080042c3   Thumb Code    18  stm32f10x_tim.o(.text)
    TIM_ClearFlag                            0x080042d5   Thumb Code     6  stm32f10x_tim.o(.text)
    TIM_GetITStatus                          0x080042db   Thumb Code    34  stm32f10x_tim.o(.text)
    TIM_ClearITPendingBit                    0x080042fd   Thumb Code     6  stm32f10x_tim.o(.text)
    USART_DeInit                             0x08004305   Thumb Code   134  stm32f10x_usart.o(.text)
    USART_Init                               0x0800438b   Thumb Code   210  stm32f10x_usart.o(.text)
    USART_StructInit                         0x0800445d   Thumb Code    24  stm32f10x_usart.o(.text)
    USART_ClockInit                          0x08004475   Thumb Code    34  stm32f10x_usart.o(.text)
    USART_ClockStructInit                    0x08004497   Thumb Code    12  stm32f10x_usart.o(.text)
    USART_Cmd                                0x080044a3   Thumb Code    24  stm32f10x_usart.o(.text)
    USART_ITConfig                           0x080044bb   Thumb Code    74  stm32f10x_usart.o(.text)
    USART_DMACmd                             0x08004505   Thumb Code    18  stm32f10x_usart.o(.text)
    USART_SetAddress                         0x08004517   Thumb Code    18  stm32f10x_usart.o(.text)
    USART_WakeUpConfig                       0x08004529   Thumb Code    18  stm32f10x_usart.o(.text)
    USART_ReceiverWakeUpCmd                  0x0800453b   Thumb Code    24  stm32f10x_usart.o(.text)
    USART_LINBreakDetectLengthConfig         0x08004553   Thumb Code    18  stm32f10x_usart.o(.text)
    USART_LINCmd                             0x08004565   Thumb Code    24  stm32f10x_usart.o(.text)
    USART_SendData                           0x0800457d   Thumb Code     8  stm32f10x_usart.o(.text)
    USART_ReceiveData                        0x08004585   Thumb Code    10  stm32f10x_usart.o(.text)
    USART_SendBreak                          0x0800458f   Thumb Code    10  stm32f10x_usart.o(.text)
    USART_SetGuardTime                       0x08004599   Thumb Code    16  stm32f10x_usart.o(.text)
    USART_SetPrescaler                       0x080045a9   Thumb Code    16  stm32f10x_usart.o(.text)
    USART_SmartCardCmd                       0x080045b9   Thumb Code    24  stm32f10x_usart.o(.text)
    USART_SmartCardNACKCmd                   0x080045d1   Thumb Code    24  stm32f10x_usart.o(.text)
    USART_HalfDuplexCmd                      0x080045e9   Thumb Code    24  stm32f10x_usart.o(.text)
    USART_OverSampling8Cmd                   0x08004601   Thumb Code    22  stm32f10x_usart.o(.text)
    USART_OneBitMethodCmd                    0x08004617   Thumb Code    24  stm32f10x_usart.o(.text)
    USART_IrDAConfig                         0x0800462f   Thumb Code    18  stm32f10x_usart.o(.text)
    USART_IrDACmd                            0x08004641   Thumb Code    24  stm32f10x_usart.o(.text)
    USART_GetFlagStatus                      0x08004659   Thumb Code    26  stm32f10x_usart.o(.text)
    USART_ClearFlag                          0x08004673   Thumb Code    18  stm32f10x_usart.o(.text)
    USART_GetITStatus                        0x08004685   Thumb Code    84  stm32f10x_usart.o(.text)
    USART_ClearITPendingBit                  0x080046d9   Thumb Code    52  stm32f10x_usart.o(.text)
    DMA_DeInit                               0x0800470d   Thumb Code   324  stm32f10x_dma.o(.text)
    DMA_Init                                 0x08004851   Thumb Code    60  stm32f10x_dma.o(.text)
    DMA_StructInit                           0x0800488d   Thumb Code    26  stm32f10x_dma.o(.text)
    DMA_Cmd                                  0x080048a7   Thumb Code    24  stm32f10x_dma.o(.text)
    DMA_ITConfig                             0x080048bf   Thumb Code    18  stm32f10x_dma.o(.text)
    DMA_SetCurrDataCounter                   0x080048d1   Thumb Code     4  stm32f10x_dma.o(.text)
    DMA_GetCurrDataCounter                   0x080048d5   Thumb Code     8  stm32f10x_dma.o(.text)
    DMA_GetFlagStatus                        0x080048dd   Thumb Code    38  stm32f10x_dma.o(.text)
    DMA_ClearFlag                            0x08004903   Thumb Code    22  stm32f10x_dma.o(.text)
    DMA_GetITStatus                          0x08004919   Thumb Code    38  stm32f10x_dma.o(.text)
    DMA_ClearITPendingBit                    0x0800493f   Thumb Code    22  stm32f10x_dma.o(.text)
    FLASH_SetLatency                         0x0800495d   Thumb Code    18  stm32f10x_flash.o(.text)
    FLASH_HalfCycleAccessCmd                 0x0800496f   Thumb Code    22  stm32f10x_flash.o(.text)
    FLASH_PrefetchBufferCmd                  0x08004985   Thumb Code    22  stm32f10x_flash.o(.text)
    FLASH_Unlock                             0x0800499b   Thumb Code    12  stm32f10x_flash.o(.text)
    FLASH_UnlockBank1                        0x080049a7   Thumb Code    12  stm32f10x_flash.o(.text)
    FLASH_Lock                               0x080049b3   Thumb Code    14  stm32f10x_flash.o(.text)
    FLASH_LockBank1                          0x080049c1   Thumb Code    14  stm32f10x_flash.o(.text)
    FLASH_GetBank1Status                     0x080049cf   Thumb Code    48  stm32f10x_flash.o(.text)
    FLASH_WaitForLastOperation               0x080049ff   Thumb Code    38  stm32f10x_flash.o(.text)
    FLASH_ErasePage                          0x08004a25   Thumb Code    72  stm32f10x_flash.o(.text)
    FLASH_EraseAllPages                      0x08004a6d   Thumb Code    68  stm32f10x_flash.o(.text)
    FLASH_WaitForLastBank1Operation          0x08004ab1   Thumb Code    38  stm32f10x_flash.o(.text)
    FLASH_EraseAllBank1Pages                 0x08004ad7   Thumb Code    68  stm32f10x_flash.o(.text)
    FLASH_GetReadOutProtectionStatus         0x08004b1b   Thumb Code    20  stm32f10x_flash.o(.text)
    FLASH_EraseOptionBytes                   0x08004b2f   Thumb Code   150  stm32f10x_flash.o(.text)
    FLASH_ProgramWord                        0x08004bc5   Thumb Code   102  stm32f10x_flash.o(.text)
    FLASH_ProgramHalfWord                    0x08004c2b   Thumb Code    60  stm32f10x_flash.o(.text)
    FLASH_ProgramOptionByteData              0x08004c67   Thumb Code    72  stm32f10x_flash.o(.text)
    FLASH_EnableWriteProtection              0x08004caf   Thumb Code   200  stm32f10x_flash.o(.text)
    FLASH_ReadOutProtection                  0x08004d77   Thumb Code   156  stm32f10x_flash.o(.text)
    FLASH_UserOptionByteConfig               0x08004e13   Thumb Code    88  stm32f10x_flash.o(.text)
    FLASH_GetUserOptionByte                  0x08004e6b   Thumb Code     8  stm32f10x_flash.o(.text)
    FLASH_GetWriteProtectionOptionByte       0x08004e73   Thumb Code     6  stm32f10x_flash.o(.text)
    FLASH_GetPrefetchBufferStatus            0x08004e79   Thumb Code    20  stm32f10x_flash.o(.text)
    FLASH_ITConfig                           0x08004e8d   Thumb Code    26  stm32f10x_flash.o(.text)
    FLASH_GetFlagStatus                      0x08004ea7   Thumb Code    42  stm32f10x_flash.o(.text)
    FLASH_ClearFlag                          0x08004ed1   Thumb Code     6  stm32f10x_flash.o(.text)
    FLASH_GetStatus                          0x08004ed7   Thumb Code    48  stm32f10x_flash.o(.text)
    SysTick_Handler                          0x08004f19   Thumb Code    16  delay.o(.text)
    delay_init                               0x08004f29   Thumb Code    76  delay.o(.text)
    delay_us                                 0x08004f75   Thumb Code    70  delay.o(.text)
    delay_ms                                 0x08004fbb   Thumb Code    62  delay.o(.text)
    NVIC_Configuration                       0x0800500d   Thumb Code    12  sys.o(.text)
    DisableJTAG                              0x08005019   Thumb Code    20  sys.o(.text)
    OS_TaskStatStkChk                        0x08005031   Thumb Code    54  os_core.o(.text)
    OS_TaskStat                              0x08005067   Thumb Code   116  os_core.o(.text)
    OS_TaskIdle                              0x0800510f   Thumb Code    34  os_core.o(.text)
    OS_MemClr                                0x08005165   Thumb Code    18  os_core.o(.text)
    OSInit                                   0x08005283   Thumb Code    48  os_core.o(.text)
    OSIntEnter                               0x080052b3   Thumb Code    28  os_core.o(.text)
    OSIntExit                                0x080052e9   Thumb Code   112  os_core.o(.text)
    OSSchedLock                              0x08005359   Thumb Code    50  os_core.o(.text)
    OS_Sched                                 0x0800538b   Thumb Code    88  os_core.o(.text)
    OSSchedUnlock                            0x080053e3   Thumb Code   238  os_core.o(.text)
    OSStart                                  0x080054d1   Thumb Code    48  os_core.o(.text)
    OSStatInit                               0x08005501   Thumb Code    62  os_core.o(.text)
    OSTimeTick                               0x0800553f   Thumb Code   218  os_core.o(.text)
    OSVersion                                0x08005619   Thumb Code     6  os_core.o(.text)
    OS_Dummy                                 0x0800561f   Thumb Code     2  os_core.o(.text)
    OS_EventTaskRemove                       0x08005621   Thumb Code    42  os_core.o(.text)
    OS_EventTaskRdy                          0x0800564b   Thumb Code   118  os_core.o(.text)
    OS_EventTaskWait                         0x080056c1   Thumb Code   112  os_core.o(.text)
    OS_EventWaitListInit                     0x08005731   Thumb Code    28  os_core.o(.text)
    OS_MemCopy                               0x0800574d   Thumb Code    20  os_core.o(.text)
    OS_StrLen                                0x08005761   Thumb Code    20  os_core.o(.text)
    OS_TCBInit                               0x08005775   Thumb Code   294  os_core.o(.text)
    OSFlagAccept                             0x080058e1   Thumb Code   252  os_flag.o(.text)
    OSFlagCreate                             0x080059dd   Thumb Code    86  os_flag.o(.text)
    OS_FlagUnlink                            0x08005a33   Thumb Code    36  os_flag.o(.text)
    OSFlagDel                                0x08005ab7   Thumb Code   214  os_flag.o(.text)
    OSFlagNameGet                            0x08005b8d   Thumb Code    80  os_flag.o(.text)
    OSFlagNameSet                            0x08005bdd   Thumb Code    66  os_flag.o(.text)
    OSFlagPend                               0x08005cb7   Thumb Code   614  os_flag.o(.text)
    OSFlagPendGetFlagsRdy                    0x08005f1d   Thumb Code    26  os_flag.o(.text)
    OSFlagPost                               0x08005f37   Thumb Code   312  os_flag.o(.text)
    OSFlagQuery                              0x0800606f   Thumb Code    48  os_flag.o(.text)
    OS_FlagInit                              0x0800609f   Thumb Code    78  os_flag.o(.text)
    OSMboxAccept                             0x080060f9   Thumb Code    38  os_mbox.o(.text)
    OSMboxCreate                             0x0800611f   Thumb Code    68  os_mbox.o(.text)
    OSMboxDel                                0x08006163   Thumb Code   200  os_mbox.o(.text)
    OSMboxPend                               0x0800622b   Thumb Code   246  os_mbox.o(.text)
    OSMboxPendAbort                          0x08006321   Thumb Code   128  os_mbox.o(.text)
    OSMboxPost                               0x080063a1   Thumb Code    80  os_mbox.o(.text)
    OSMboxPostOpt                            0x080063f1   Thumb Code   120  os_mbox.o(.text)
    OSMboxQuery                              0x08006469   Thumb Code    76  os_mbox.o(.text)
    OSQAccept                                0x080064c5   Thumb Code    88  os_q.o(.text)
    OSQCreate                                0x0800651d   Thumb Code   140  os_q.o(.text)
    OSQDel                                   0x080065a9   Thumb Code   236  os_q.o(.text)
    OSQFlush                                 0x08006695   Thumb Code    36  os_q.o(.text)
    OSQPend                                  0x080066b9   Thumb Code   272  os_q.o(.text)
    OSQPendAbort                             0x080067c9   Thumb Code   128  os_q.o(.text)
    OSQPost                                  0x08006849   Thumb Code   114  os_q.o(.text)
    OSQPostFront                             0x080068bb   Thumb Code   136  os_q.o(.text)
    OSQPostOpt                               0x08006943   Thumb Code   182  os_q.o(.text)
    OSQQuery                                 0x080069f9   Thumb Code    98  os_q.o(.text)
    OS_QInit                                 0x08006a5b   Thumb Code    72  os_q.o(.text)
    OSSemAccept                              0x08006aad   Thumb Code    42  os_sem.o(.text)
    OSSemCreate                              0x08006ad7   Thumb Code    68  os_sem.o(.text)
    OSSemDel                                 0x08006b1b   Thumb Code   200  os_sem.o(.text)
    OSSemPend                                0x08006be3   Thumb Code   222  os_sem.o(.text)
    OSSemPendAbort                           0x08006cc1   Thumb Code   128  os_sem.o(.text)
    OSSemPost                                0x08006d41   Thumb Code    88  os_sem.o(.text)
    OSSemQuery                               0x08006d99   Thumb Code    76  os_sem.o(.text)
    OSSemSet                                 0x08006de5   Thumb Code    66  os_sem.o(.text)
    OSTaskChangePrio                         0x08006e39   Thumb Code   310  os_task.o(.text)
    OSTaskCreate                             0x08006f6f   Thumb Code   148  os_task.o(.text)
    OS_TaskStkClr                            0x08007003   Thumb Code    26  os_task.o(.text)
    OSTaskCreateExt                          0x0800701d   Thumb Code   170  os_task.o(.text)
    OSTaskDel                                0x080070c7   Thumb Code   294  os_task.o(.text)
    OSTaskDelReq                             0x080071ed   Thumb Code   146  os_task.o(.text)
    OSTaskNameGet                            0x0800727f   Thumb Code   114  os_task.o(.text)
    OSTaskNameSet                            0x080072f1   Thumb Code    98  os_task.o(.text)
    OSTaskResume                             0x08007353   Thumb Code   160  os_task.o(.text)
    OSTaskStkChk                             0x080073f3   Thumb Code   132  os_task.o(.text)
    OSTaskSuspend                            0x08007477   Thumb Code   152  os_task.o(.text)
    OSTaskQuery                              0x0800750f   Thumb Code    82  os_task.o(.text)
    OSTaskRegGet                             0x08007561   Thumb Code    60  os_task.o(.text)
    OSTaskRegSet                             0x0800759d   Thumb Code    62  os_task.o(.text)
    OS_TaskReturn                            0x080075db   Thumb Code    18  os_task.o(.text)
    OSTimeDly                                0x08007605   Thumb Code   100  os_time.o(.text)
    OSTimeDlyHMSM                            0x08007669   Thumb Code    86  os_time.o(.text)
    OSTimeDlyResume                          0x080076bf   Thumb Code   176  os_time.o(.text)
    OSTimeGet                                0x0800776f   Thumb Code    24  os_time.o(.text)
    OSTimeSet                                0x08007787   Thumb Code    24  os_time.o(.text)
    OSTmrCreate                              0x080077ef   Thumb Code    96  os_tmr.o(.text)
    OSTmrDel                                 0x080078c7   Thumb Code   124  os_tmr.o(.text)
    OSTmrNameGet                             0x08007943   Thumb Code   114  os_tmr.o(.text)
    OSTmrRemainGet                           0x080079b5   Thumb Code   164  os_tmr.o(.text)
    OSTmrStateGet                            0x08007a59   Thumb Code    86  os_tmr.o(.text)
    OSTmrStart                               0x08007b13   Thumb Code   128  os_tmr.o(.text)
    OSTmrStop                                0x08007b93   Thumb Code   210  os_tmr.o(.text)
    OSTmrSignal                              0x08007c65   Thumb Code    16  os_tmr.o(.text)
    OSTmr_Init                               0x08007d19   Thumb Code   152  os_tmr.o(.text)
    OSInitHookBegin                          0x08007df1   Thumb Code     8  os_cpu_c.o(.text)
    OSInitHookEnd                            0x08007df9   Thumb Code     2  os_cpu_c.o(.text)
    OSTaskCreateHook                         0x08007dfb   Thumb Code     2  os_cpu_c.o(.text)
    OSTaskDelHook                            0x08007dfd   Thumb Code     2  os_cpu_c.o(.text)
    OSTaskIdleHook                           0x08007dff   Thumb Code     2  os_cpu_c.o(.text)
    OSTaskStatHook                           0x08007e01   Thumb Code     2  os_cpu_c.o(.text)
    OSTaskStkInit                            0x08007e03   Thumb Code   154  os_cpu_c.o(.text)
    OSTaskSwHook                             0x08007e9d   Thumb Code     2  os_cpu_c.o(.text)
    OSTCBInitHook                            0x08007e9f   Thumb Code     2  os_cpu_c.o(.text)
    OSTimeTickHook                           0x08007ea1   Thumb Code    30  os_cpu_c.o(.text)
    OSTaskReturnHook                         0x08007ebf   Thumb Code     2  os_cpu_c.o(.text)
    OS_CPU_SR_Save                           0x08007ec5   Thumb Code     0  os_cpu_a.o(.text)
    OS_CPU_SR_Restore                        0x08007ecd   Thumb Code     0  os_cpu_a.o(.text)
    OSStartHighRdy                           0x08007ed3   Thumb Code     0  os_cpu_a.o(.text)
    OSCtxSw                                  0x08007ef5   Thumb Code     0  os_cpu_a.o(.text)
    OSIntCtxSw                               0x08007f03   Thumb Code     0  os_cpu_a.o(.text)
    PendSV_Handler                           0x08007f13   Thumb Code     0  os_cpu_a.o(.text)
    __use_two_region_memory                  0x08007f79   Thumb Code     2  heapauxi.o(.text)
    __rt_heap_escrow$2region                 0x08007f7b   Thumb Code     2  heapauxi.o(.text)
    __rt_heap_expand$2region                 0x08007f7d   Thumb Code     2  heapauxi.o(.text)
    __read_errno                             0x08007f7f   Thumb Code    10  _rserrno.o(.text)
    __set_errno                              0x08007f89   Thumb Code    12  _rserrno.o(.text)
    __aeabi_errno_addr                       0x08007f95   Thumb Code     8  rt_errno_addr_intlibspace.o(.text)
    __errno$intlibspace                      0x08007f95   Thumb Code     0  rt_errno_addr_intlibspace.o(.text)
    __rt_errno_addr$intlibspace              0x08007f95   Thumb Code     0  rt_errno_addr_intlibspace.o(.text)
    __user_libspace                          0x08007f9d   Thumb Code     8  libspace.o(.text)
    __user_perproc_libspace                  0x08007f9d   Thumb Code     0  libspace.o(.text)
    __user_perthread_libspace                0x08007f9d   Thumb Code     0  libspace.o(.text)
    __user_setup_stackheap                   0x08007fa5   Thumb Code    74  sys_stackheap_outer.o(.text)
    exit                                     0x08007fef   Thumb Code    12  exit.o(.text)
    _sys_exit                                0x08007ffd   Thumb Code     8  sys_exit.o(.text)
    __I$use$semihosting                      0x08008009   Thumb Code     0  use_no_semi.o(.text)
    __use_no_semihosting_swi                 0x08008009   Thumb Code     2  use_no_semi.o(.text)
    __semihosting_library_function           0x0800800b   Thumb Code     0  indicate_semi.o(.text)
    sqrt                                     0x0800800b   Thumb Code    76  sqrt.o(i.sqrt)
    __aeabi_dadd                             0x08008059   Thumb Code     0  daddsub_clz.o(x$fpl$dadd)
    _dadd                                    0x08008059   Thumb Code   332  daddsub_clz.o(x$fpl$dadd)
    __aeabi_d2uiz                            0x080081a9   Thumb Code     0  dfixu.o(x$fpl$dfixu)
    _dfixu                                   0x080081a9   Thumb Code    90  dfixu.o(x$fpl$dfixu)
    __aeabi_i2d                              0x08008203   Thumb Code     0  dflt_clz.o(x$fpl$dflt)
    _dflt                                    0x08008203   Thumb Code    46  dflt_clz.o(x$fpl$dflt)
    __fpl_dnaninf                            0x08008231   Thumb Code   156  dnaninf.o(x$fpl$dnaninf)
    __fpl_dretinf                            0x080082cd   Thumb Code    12  dretinf.o(x$fpl$dretinf)
    _dsqrt                                   0x080082d9   Thumb Code   456  dsqrt_noumaal.o(x$fpl$dsqrt)
    __aeabi_dsub                             0x080084a5   Thumb Code     0  daddsub_clz.o(x$fpl$dsub)
    _dsub                                    0x080084a5   Thumb Code   464  daddsub_clz.o(x$fpl$dsub)
    OSUnMapTbl                               0x08008678   Data         256  os_core.o(.constdata)
    __I$use$fp                               0x08008678   Number         0  usenofp.o(x$fpl$usenofp)
    Region$$Table$$Base                      0x08008778   Number         0  anon$$obj.o(Region$$Table)
    Region$$Table$$Limit                     0x08008798   Number         0  anon$$obj.o(Region$$Table)
    NixieTubValue                            0x20000000   Data           6  main.o(.data)
    SilentTime                               0x20000006   Data           2  main.o(.data)
    State                                    0x20000008   Data           1  main.o(.data)
    UsartUsing                               0x20000009   Data           1  main.o(.data)
    UsartUsingTime                           0x2000000a   Data           1  main.o(.data)
    UsartAskCnt                              0x2000000b   Data           1  main.o(.data)
    faultCnt                                 0x2000000c   Data           3  main.o(.data)
    Usart_flag                               0x2000000f   Data           1  main.o(.data)
    SendCnt                                  0x20000010   Data           1  main.o(.data)
    MomShip                                  0x20000011   Data           1  main.o(.data)
    NetSta                                   0x20000012   Data           3  main.o(.data)
    nettemp                                  0x20000015   Data           1  main.o(.data)
    netState                                 0x20000016   Data           6  main.o(.data)
    q_msg                                    0x2000001c   Data           4  main.o(.data)
    msg_hand                                 0x20000020   Data           4  main.o(.data)
    uart                                     0x20000024   Data           4  main.o(.data)
    msg_receive                              0x20000028   Data           4  main.o(.data)
    msg_write                                0x2000002c   Data           4  main.o(.data)
    tmr1                                     0x20000030   Data           4  main.o(.data)
    tmr2                                     0x20000034   Data           4  main.o(.data)
    SystemCoreClock                          0x20000038   Data           4  system_stm32f10x.o(.data)
    AHBPrescTable                            0x2000003c   Data          16  system_stm32f10x.o(.data)
    Nixie                                    0x20000051   Data           2  config.o(.data)
    StartAddr                                0x20000054   Data          52  flashwr.o(.data)
    EndAddr                                  0x20000088   Data          52  flashwr.o(.data)
    FlashAddress                             0x200000bc   Data           4  flashwr.o(.data)
    NbrOfPage                                0x200000c0   Data           4  flashwr.o(.data)
    FLASHStatus                              0x200000c4   Data           1  flashwr.o(.data)
    MemoryProgramStatus                      0x200000c5   Data           1  flashwr.o(.data)
    x                                        0x200000c6   Data           2  updataparam.o(.data)
    y                                        0x200000c8   Data           2  updataparam.o(.data)
    z                                        0x200000ca   Data           2  updataparam.o(.data)
    OSCtxSwCtr                               0x200000e4   Data           4  os_core.o(.data)
    OSEventFreeList                          0x200000e8   Data           4  os_core.o(.data)
    OSFlagFreeList                           0x200000ec   Data           4  os_core.o(.data)
    OSCPUUsage                               0x200000f0   Data           1  os_core.o(.data)
    OSIdleCtrMax                             0x200000f4   Data           4  os_core.o(.data)
    OSIdleCtrRun                             0x200000f8   Data           4  os_core.o(.data)
    OSStatRdy                                0x200000fc   Data           1  os_core.o(.data)
    OSIntNesting                             0x200000fd   Data           1  os_core.o(.data)
    OSLockNesting                            0x200000fe   Data           1  os_core.o(.data)
    OSPrioCur                                0x200000ff   Data           1  os_core.o(.data)
    OSPrioHighRdy                            0x20000100   Data           1  os_core.o(.data)
    OSRdyGrp                                 0x20000101   Data           1  os_core.o(.data)
    OSRdyTbl                                 0x20000102   Data           8  os_core.o(.data)
    OSRunning                                0x2000010a   Data           1  os_core.o(.data)
    OSTaskCtr                                0x2000010b   Data           1  os_core.o(.data)
    OSIdleCtr                                0x2000010c   Data           4  os_core.o(.data)
    OSTCBCur                                 0x20000110   Data           4  os_core.o(.data)
    OSTCBFreeList                            0x20000114   Data           4  os_core.o(.data)
    OSTCBHighRdy                             0x20000118   Data           4  os_core.o(.data)
    OSTCBList                                0x2000011c   Data           4  os_core.o(.data)
    OSTickStepState                          0x20000120   Data           1  os_core.o(.data)
    OSQFreeList                              0x20000124   Data           4  os_core.o(.data)
    OSTime                                   0x20000128   Data           4  os_core.o(.data)
    OSTmrFree                                0x2000012c   Data           2  os_core.o(.data)
    OSTmrUsed                                0x2000012e   Data           2  os_core.o(.data)
    OSTmrTime                                0x20000130   Data           4  os_core.o(.data)
    OSTmrSem                                 0x20000134   Data           4  os_core.o(.data)
    OSTmrSemSignal                           0x20000138   Data           4  os_core.o(.data)
    OSTmrFreeList                            0x2000013c   Data           4  os_core.o(.data)
    OSInterrputSum                           0x20000140   Data           4  os_cpu_c.o(.data)
    netparam                                 0x20000148   Data          24  main.o(.bss)
    START_TASK_STK                           0x20000160   Data         256  main.o(.bss)
    KEY_TASK_STK                             0x20000260   Data         256  main.o(.bss)
    HANDSHAKE_TASK_STK                       0x20000360   Data         256  main.o(.bss)
    NixieTube_TASK_STK                       0x20000460   Data         256  main.o(.bss)
    USARTSEND_TASK_STK                       0x20000560   Data        1024  main.o(.bss)
    PARAMSET_TASK_STK                        0x20000960   Data        1024  main.o(.bss)
    MsgGrp                                   0x20000d60   Data          80  main.o(.bss)
    MsgWrite                                 0x20000db0   Data          40  main.o(.bss)
    rx1buf                                   0x20000dd8   Data          20  usart.o(.bss)
    tx1buf                                   0x20000dec   Data          20  usart.o(.bss)
    netbuf                                   0x20000e00   Data          54  config.o(.bss)
    OSEventTbl                               0x20000e38   Data         200  os_core.o(.bss)
    OSFlagTbl                                0x20000f00   Data          80  os_core.o(.bss)
    OSTaskStatStk                            0x20000f50   Data         512  os_core.o(.bss)
    OSTaskIdleStk                            0x20001150   Data         512  os_core.o(.bss)
    OSTCBPrioTbl                             0x20001350   Data         256  os_core.o(.bss)
    OSTCBTbl                                 0x20001450   Data        1008  os_core.o(.bss)
    OSQTbl                                   0x20001840   Data         120  os_core.o(.bss)
    OSTmrTbl                                 0x200018b8   Data         640  os_core.o(.bss)
    OSTmrTaskStk                             0x20001b38   Data         512  os_core.o(.bss)
    OSTmrWheelTbl                            0x20001d38   Data          64  os_core.o(.bss)
    __libspace_start                         0x20001d78   Data          96  libspace.o(.bss)
    __temporary_stack_top$libspace           0x20001dd8   Data           0  libspace.o(.bss)



==============================================================================

Memory Map of the image

  Image Entry point : 0x08000131

  Load Region LR_IROM1 (Base: 0x08000000, Size: 0x000088e0, Max: 0x00010000, ABSOLUTE, COMPRESSED[0x0000880c])

    Execution Region ER_IROM1 (Base: 0x08000000, Size: 0x00008798, Max: 0x00010000, ABSOLUTE)

    Base Addr    Size         Type   Attr      Idx    E Section Name        Object

    0x08000000   0x00000130   Data   RO          341    RESET               startup_stm32f10x_hd.o
    0x08000130   0x00000008   Code   RO          621  * !!!main             c_w.l(__main.o)
    0x08000138   0x00000034   Code   RO          819    !!!scatter          c_w.l(__scatter.o)
    0x0800016c   0x0000005a   Code   RO          817    !!dczerorl2         c_w.l(__dczerorl2.o)
    0x080001c6   0x00000002   PAD
    0x080001c8   0x0000001c   Code   RO          821    !!handler_zi        c_w.l(__scatter_zi.o)
    0x080001e4   0x00000002   Code   RO          693    .ARM.Collect$$libinit$$00000000  c_w.l(libinit.o)
    0x080001e6   0x00000000   Code   RO          697    .ARM.Collect$$libinit$$00000002  c_w.l(libinit2.o)
    0x080001e6   0x00000000   Code   RO          700    .ARM.Collect$$libinit$$00000008  c_w.l(libinit2.o)
    0x080001e6   0x00000000   Code   RO          702    .ARM.Collect$$libinit$$0000000A  c_w.l(libinit2.o)
    0x080001e6   0x00000000   Code   RO          704    .ARM.Collect$$libinit$$0000000C  c_w.l(libinit2.o)
    0x080001e6   0x00000000   Code   RO          707    .ARM.Collect$$libinit$$0000000F  c_w.l(libinit2.o)
    0x080001e6   0x00000000   Code   RO          709    .ARM.Collect$$libinit$$00000011  c_w.l(libinit2.o)
    0x080001e6   0x00000000   Code   RO          711    .ARM.Collect$$libinit$$00000013  c_w.l(libinit2.o)
    0x080001e6   0x00000000   Code   RO          713    .ARM.Collect$$libinit$$00000015  c_w.l(libinit2.o)
    0x080001e6   0x00000000   Code   RO          715    .ARM.Collect$$libinit$$00000017  c_w.l(libinit2.o)
    0x080001e6   0x00000000   Code   RO          717    .ARM.Collect$$libinit$$00000019  c_w.l(libinit2.o)
    0x080001e6   0x00000000   Code   RO          719    .ARM.Collect$$libinit$$0000001B  c_w.l(libinit2.o)
    0x080001e6   0x00000000   Code   RO          721    .ARM.Collect$$libinit$$0000001D  c_w.l(libinit2.o)
    0x080001e6   0x00000000   Code   RO          723    .ARM.Collect$$libinit$$0000001F  c_w.l(libinit2.o)
    0x080001e6   0x00000000   Code   RO          725    .ARM.Collect$$libinit$$00000021  c_w.l(libinit2.o)
    0x080001e6   0x00000000   Code   RO          727    .ARM.Collect$$libinit$$00000023  c_w.l(libinit2.o)
    0x080001e6   0x00000000   Code   RO          731    .ARM.Collect$$libinit$$0000002A  c_w.l(libinit2.o)
    0x080001e6   0x00000000   Code   RO          733    .ARM.Collect$$libinit$$0000002C  c_w.l(libinit2.o)
    0x080001e6   0x00000000   Code   RO          735    .ARM.Collect$$libinit$$0000002E  c_w.l(libinit2.o)
    0x080001e6   0x00000000   Code   RO          737    .ARM.Collect$$libinit$$00000030  c_w.l(libinit2.o)
    0x080001e6   0x00000002   Code   RO          738    .ARM.Collect$$libinit$$00000031  c_w.l(libinit2.o)
    0x080001e8   0x00000002   Code   RO          758    .ARM.Collect$$libshutdown$$00000000  c_w.l(libshutdown.o)
    0x080001ea   0x00000000   Code   RO          772    .ARM.Collect$$libshutdown$$00000003  c_w.l(libshutdown2.o)
    0x080001ea   0x00000000   Code   RO          775    .ARM.Collect$$libshutdown$$00000006  c_w.l(libshutdown2.o)
    0x080001ea   0x00000000   Code   RO          778    .ARM.Collect$$libshutdown$$00000009  c_w.l(libshutdown2.o)
    0x080001ea   0x00000000   Code   RO          780    .ARM.Collect$$libshutdown$$0000000B  c_w.l(libshutdown2.o)
    0x080001ea   0x00000000   Code   RO          783    .ARM.Collect$$libshutdown$$0000000E  c_w.l(libshutdown2.o)
    0x080001ea   0x00000002   Code   RO          784    .ARM.Collect$$libshutdown$$0000000F  c_w.l(libshutdown2.o)
    0x080001ec   0x00000000   Code   RO          647    .ARM.Collect$$rtentry$$00000000  c_w.l(rtentry.o)
    0x080001ec   0x00000000   Code   RO          660    .ARM.Collect$$rtentry$$00000002  c_w.l(rtentry2.o)
    0x080001ec   0x00000006   Code   RO          672    .ARM.Collect$$rtentry$$00000004  c_w.l(rtentry4.o)
    0x080001f2   0x00000000   Code   RO          662    .ARM.Collect$$rtentry$$00000009  c_w.l(rtentry2.o)
    0x080001f2   0x00000004   Code   RO          663    .ARM.Collect$$rtentry$$0000000A  c_w.l(rtentry2.o)
    0x080001f6   0x00000000   Code   RO          665    .ARM.Collect$$rtentry$$0000000C  c_w.l(rtentry2.o)
    0x080001f6   0x00000008   Code   RO          666    .ARM.Collect$$rtentry$$0000000D  c_w.l(rtentry2.o)
    0x080001fe   0x00000002   Code   RO          694    .ARM.Collect$$rtexit$$00000000  c_w.l(rtexit.o)
    0x08000200   0x00000000   Code   RO          740    .ARM.Collect$$rtexit$$00000002  c_w.l(rtexit2.o)
    0x08000200   0x00000004   Code   RO          741    .ARM.Collect$$rtexit$$00000003  c_w.l(rtexit2.o)
    0x08000204   0x00000006   Code   RO          742    .ARM.Collect$$rtexit$$00000004  c_w.l(rtexit2.o)
    0x0800020a   0x00000002   PAD
    0x0800020c   0x00000188   Code   RO            1    .text               main.o
    0x08000394   0x00000016   Code   RO          135    .text               stm32f10x_it.o
    0x080003aa   0x00000002   PAD
    0x080003ac   0x000001dc   Code   RO          150    .text               system_stm32f10x.o
    0x08000588   0x00000c4c   Code   RO          168    .text               led.o
    0x080011d4   0x00000484   Code   RO          216    .text               encode.o
    0x08001658   0x000002b8   Code   RO          228    .text               key.o
    0x08001910   0x000004b8   Code   RO          241    .text               usart.o
    0x08001dc8   0x000005c4   Code   RO          260    .text               config.o
    0x0800238c   0x00000338   Code   RO          283    .text               flashwr.o
    0x080026c4   0x00000244   Code   RO          298    .text               detecting.o
    0x08002908   0x000003c8   Code   RO          310    .text               updataparam.o
    0x08002cd0   0x00000040   Code   RO          342    .text               startup_stm32f10x_hd.o
    0x08002d10   0x000000dc   Code   RO          346    .text               misc.o
    0x08002dec   0x00000358   Code   RO          358    .text               stm32f10x_gpio.o
    0x08003144   0x000003a4   Code   RO          370    .text               stm32f10x_rcc.o
    0x080034e8   0x00000e1a   Code   RO          384    .text               stm32f10x_tim.o
    0x08004302   0x00000002   PAD
    0x08004304   0x00000408   Code   RO          396    .text               stm32f10x_usart.o
    0x0800470c   0x00000250   Code   RO          408    .text               stm32f10x_dma.o
    0x0800495c   0x000005bc   Code   RO          432    .text               stm32f10x_flash.o
    0x08004f18   0x000000f4   Code   RO          444    .text               delay.o
    0x0800500c   0x00000024   Code   RO          458    .text               sys.o
    0x08005030   0x000008b0   Code   RO          470    .text               os_core.o
    0x080058e0   0x00000818   Code   RO          490    .text               os_flag.o
    0x080060f8   0x000003cc   Code   RO          502    .text               os_mbox.o
    0x080064c4   0x000005e8   Code   RO          532    .text               os_q.o
    0x08006aac   0x0000038c   Code   RO          544    .text               os_sem.o
    0x08006e38   0x000007cc   Code   RO          556    .text               os_task.o
    0x08007604   0x000001b8   Code   RO          568    .text               os_time.o
    0x080077bc   0x00000634   Code   RO          580    .text               os_tmr.o
    0x08007df0   0x000000d4   Code   RO          592    .text               os_cpu_c.o
    0x08007ec4   0x000000b4   Code   RO          614    .text               os_cpu_a.o
    0x08007f78   0x00000006   Code   RO          619    .text               c_w.l(heapauxi.o)
    0x08007f7e   0x00000016   Code   RO          648    .text               c_w.l(_rserrno.o)
    0x08007f94   0x00000008   Code   RO          677    .text               c_w.l(rt_errno_addr_intlibspace.o)
    0x08007f9c   0x00000008   Code   RO          681    .text               c_w.l(libspace.o)
    0x08007fa4   0x0000004a   Code   RO          684    .text               c_w.l(sys_stackheap_outer.o)
    0x08007fee   0x0000000c   Code   RO          686    .text               c_w.l(exit.o)
    0x08007ffa   0x00000002   PAD
    0x08007ffc   0x0000000c   Code   RO          750    .text               c_w.l(sys_exit.o)
    0x08008008   0x00000002   Code   RO          761    .text               c_w.l(use_no_semi.o)
    0x0800800a   0x00000000   Code   RO          763    .text               c_w.l(indicate_semi.o)
    0x0800800a   0x0000004c   Code   RO          640    i.sqrt              m_ws.l(sqrt.o)
    0x08008056   0x00000002   PAD
    0x08008058   0x00000150   Code   RO          623    x$fpl$dadd          fz_ws.l(daddsub_clz.o)
    0x080081a8   0x0000005a   Code   RO          629    x$fpl$dfixu         fz_ws.l(dfixu.o)
    0x08008202   0x0000002e   Code   RO          634    x$fpl$dflt          fz_ws.l(dflt_clz.o)
    0x08008230   0x0000009c   Code   RO          652    x$fpl$dnaninf       fz_ws.l(dnaninf.o)
    0x080082cc   0x0000000c   Code   RO          654    x$fpl$dretinf       fz_ws.l(dretinf.o)
    0x080082d8   0x000001cc   Code   RO          656    x$fpl$dsqrt         fz_ws.l(dsqrt_noumaal.o)
    0x080084a4   0x000001d4   Code   RO          625    x$fpl$dsub          fz_ws.l(daddsub_clz.o)
    0x08008678   0x00000000   Code   RO          658    x$fpl$usenofp       fz_ws.l(usenofp.o)
    0x08008678   0x00000100   Data   RO          472    .constdata          os_core.o
    0x08008778   0x00000020   Data   RO          815    Region$$Table       anon$$obj.o


    Execution Region RW_IRAM1 (Base: 0x20000000, Size: 0x000023d8, Max: 0x00005000, ABSOLUTE, COMPRESSED[0x00000074])

    Base Addr    Size         Type   Attr      Idx    E Section Name        Object

    0x20000000   0x00000038   Data   RW            3    .data               main.o
    0x20000038   0x00000014   Data   RW          151    .data               system_stm32f10x.o
    0x2000004c   0x00000003   Data   RW          229    .data               key.o
    0x2000004f   0x00000001   Data   RW          243    .data               usart.o
    0x20000050   0x00000003   Data   RW          262    .data               config.o
    0x20000053   0x00000001   PAD
    0x20000054   0x00000072   Data   RW          284    .data               flashwr.o
    0x200000c6   0x00000006   Data   RW          311    .data               updataparam.o
    0x200000cc   0x00000014   Data   RW          371    .data               stm32f10x_rcc.o
    0x200000e0   0x00000004   Data   RW          445    .data               delay.o
    0x200000e4   0x0000005c   Data   RW          473    .data               os_core.o
    0x20000140   0x00000006   Data   RW          593    .data               os_cpu_c.o
    0x20000146   0x00000002   PAD
    0x20000148   0x00000c90   Zero   RW            2    .bss                main.o
    0x20000dd8   0x00000028   Zero   RW          242    .bss                usart.o
    0x20000e00   0x00000036   Zero   RW          261    .bss                config.o
    0x20000e36   0x00000002   PAD
    0x20000e38   0x00000f40   Zero   RW          471    .bss                os_core.o
    0x20001d78   0x00000060   Zero   RW          682    .bss                c_w.l(libspace.o)
    0x20001dd8   0x00000200   Zero   RW          340    HEAP                startup_stm32f10x_hd.o
    0x20001fd8   0x00000400   Zero   RW          339    STACK               startup_stm32f10x_hd.o


==============================================================================

Image component sizes


      Code (inc. data)   RO Data    RW Data    ZI Data      Debug   Object Name

      1476         94          0          3         54       5795   config.o
         0          0          0          0          0         32   core_cm3.o
       244         20          0          4          0       1215   delay.o
       580         34          0          0          0       1397   detecting.o
      1156         36          0          0          0       2712   encode.o
       824         34          0        114          0       1582   flashwr.o
       696         46          0          3          0       1289   key.o
      3148         94          0          0          0     209706   led.o
       392        104          0         56       3216     279186   main.o
       220         20          0          0          0       1713   misc.o
      2224        220        256         92       3904      15415   os_core.o
       180         36          0          0          0        276   os_cpu_a.o
       212          4          0          6          0      11239   os_cpu_c.o
      2072         40          0          0          0       6700   os_flag.o
       972         16          0          0          0       4022   os_mbox.o
      1512         30          0          0          0       5429   os_q.o
       908         18          0          0          0       3770   os_sem.o
      1996         70          0          0          0       7357   os_task.o
       440         30          0          0          0       1730   os_time.o
      1588         94          0          0          0       5405   os_tmr.o
        64         26        304          0       1536        744   startup_stm32f10x_hd.o
       592          8          0          0          0       4242   stm32f10x_dma.o
      1468         34          0          0          0       7946   stm32f10x_flash.o
       856         40          0          0          0       5561   stm32f10x_gpio.o
        22          0          0          0          0        955   stm32f10x_it.o
       932         44          0         20          0       8692   stm32f10x_rcc.o
      3610         88          0          0          0      22044   stm32f10x_tim.o
      1032         22          0          0          0       8284   stm32f10x_usart.o
        36          4          0          0          0        529   sys.o
       476         36          0         20          0       1611   system_stm32f10x.o
       968         30          0          6          0       1068   updataparam.o
      1208        100          0          1         40       3015   usart.o

    ----------------------------------------------------------------------
     32108       1472        592        328       8752     630661   Object Totals
         0          0         32          0          0          0   (incl. Generated)
         4          0          0          3          2          0   (incl. Padding)

    ----------------------------------------------------------------------

      Code (inc. data)   RO Data    RW Data    ZI Data      Debug   Library Member Name

        90          0          0          0          0          0   __dczerorl2.o
         8          0          0          0          0         68   __main.o
        52          8          0          0          0          0   __scatter.o
        28          0          0          0          0          0   __scatter_zi.o
        22          0          0          0          0        100   _rserrno.o
        12          0          0          0          0         72   exit.o
         6          0          0          0          0        152   heapauxi.o
         0          0          0          0          0          0   indicate_semi.o
         2          0          0          0          0          0   libinit.o
         2          0          0          0          0          0   libinit2.o
         2          0          0          0          0          0   libshutdown.o
         2          0          0          0          0          0   libshutdown2.o
         8          4          0          0         96         68   libspace.o
         8          4          0          0          0         68   rt_errno_addr_intlibspace.o
         0          0          0          0          0          0   rtentry.o
        12          0          0          0          0          0   rtentry2.o
         6          0          0          0          0          0   rtentry4.o
         2          0          0          0          0          0   rtexit.o
        10          0          0          0          0          0   rtexit2.o
        12          4          0          0          0         68   sys_exit.o
        74          0          0          0          0         80   sys_stackheap_outer.o
         2          0          0          0          0         68   use_no_semi.o
       804         16          0          0          0        272   daddsub_clz.o
        90          4          0          0          0         92   dfixu.o
        46          0          0          0          0         68   dflt_clz.o
       156          4          0          0          0         92   dnaninf.o
        12          0          0          0          0         68   dretinf.o
       460         56          0          0          0        120   dsqrt_noumaal.o
         0          0          0          0          0          0   usenofp.o
        76          0          0          0          0         84   sqrt.o

    ----------------------------------------------------------------------
      2012        100          0          0         96       1540   Library Totals
         8          0          0          0          0          0   (incl. Padding)

    ----------------------------------------------------------------------

      Code (inc. data)   RO Data    RW Data    ZI Data      Debug   Library Name

       360         20          0          0         96        744   c_w.l
      1568         80          0          0          0        712   fz_ws.l
        76          0          0          0          0         84   m_ws.l

    ----------------------------------------------------------------------
      2012        100          0          0         96       1540   Library Totals

    ----------------------------------------------------------------------

==============================================================================


      Code (inc. data)   RO Data    RW Data    ZI Data      Debug   

     34120       1572        592        328       8848     628873   Grand Totals
     34120       1572        592        116       8848     628873   ELF Image Totals (compressed)
     34120       1572        592        116          0          0   ROM Totals

==============================================================================

    Total RO  Size (Code + RO Data)                34712 (  33.90kB)
    Total RW  Size (RW Data + ZI Data)              9176 (   8.96kB)
    Total ROM Size (Code + RO Data + RW Data)      34828 (  34.01kB)

==============================================================================

